[www.facebook.com/plugins/page4b0f.html]
[backblue.gif]
[fade.gif]
[index.html]
[www.facebook.com/plugins/page0f55.html]
[static.xx.fbcdn.net/rsrc.php/v5/yz/l/0,cross/Bri-dgzIomE.css]
[static.xx.fbcdn.net/rsrc.php/v4/yR/r/9w7Y_DEOTjd.js]
[static.xx.fbcdn.net/rsrc.php/v4/yG/r/wHDukholmsJ.js]
[static.xx.fbcdn.net/rsrc.php/v4iEpO4/yb/l/en_GB-j/z_6RtKKWScV.js]
[static.xx.fbcdn.net/rsrc.php/v4/y3/r/-nEptxoYqwS.js]
[static.xx.fbcdn.net/rsrc.php/v4/yF/r/p55HfXW__mM.js]
[scontent.fsgn2-4.fna.fbcdn.net/v/t39.30808-6/534405083_1244632931011484_5814474896197566725_n1302.jpg]
[scontent.fsgn2-6.fna.fbcdn.net/v/t39.30808-1/534253336_1244632187678225_6704308639323207770_nc7ba.jpg]
[www.facebook.com/plugins/page4b0f.html]
[scontent.fsgn2-4.fna.fbcdn.net/v/t39.30808-6/534405083_1244632931011484_5814474896197566725_n6c02.jpg]
[www.facebook.com/plugins/page0f55.html]
[scontent.fsgn2-6.fna.fbcdn.net/v/t39.30808-1/534253336_1244632187678225_6704308639323207770_n31c7.jpg]
[static.xx.fbcdn.net/rsrc.php/v4/yN/r/sFwkyVeh1iU.png]
[static.xx.fbcdn.net/rsrc.php/v4/yH/r/xgVgalBG80z.png]
[static.xx.fbcdn.net/rsrc.php/v4/yw/r/UXtr_j2Fwe-.png]
[static.xx.fbcdn.net/rsrc.php/v4/yD/r/MKQzjVd1bVq.png]
[static.xx.fbcdn.net/rsrc.php/v4/yA/r/lHmjAzNKBcg.png]
[static.xx.fbcdn.net/rsrc.php/v4/y-/r/AGUNXgX_Wx3.gif]
[static.xx.fbcdn.net/rsrc.php/v5/yz/l/0,cross/Bri-dgzIomE.css]
[static.xx.fbcdn.net/rsrc.php/v4/yG/r/b53Ajb4ihCP.gif]
[www.facebook.com/plugins/GET]
[static.xx.fbcdn.net/rsrc.php/v4/yR/r/9w7Y_DEOTjd.js]
[www.facebook.com/plugins/Firefox/index.html]
[static.xx.fbcdn.net/rsrc.php/v4/yG/r/wHDukholmsJ.js]
[www.facebook.com/plugins/Edg/index.html]
[www.facebook.com/plugins/Chrome/index.html]
[www.facebook.com/plugins/CriOS/index.html]
[www.facebook.com/plugins/Safari/index.html]
[www.facebook.com/plugins/Version/index.html]
[www.facebook.com/plugins/chrome-extension_/index.html]
[www.facebook.com/plugins/Style.set]
[static.xx.fbcdn.net/rsrc.php/v4iEpO4/yb/l/en_GB-j/z_6RtKKWScV.js]
[static.xx.fbcdn.net/rsrc.php/v4/y3/r/-nEptxoYqwS.js]
[static.xx.fbcdn.net/rsrc.php/v4/yF/r/p55HfXW__mM.js]
[www.facebook.com/plugins/Firefox/index.html]
[www.facebook.com/plugins/Edg/index.html]
[www.facebook.com/plugins/Chrome/index.html]
[www.facebook.com/plugins/CriOS/index.html]
[www.facebook.com/plugins/Safari/index.html]
[www.facebook.com/plugins/Version/index.html]
[www.facebook.com/plugins/chrome-extension_/index.html]
[www.facebook.com/plugins/^([^_/indexd41d.html]
[www.facebook.com/plugins/^([^_/indexd41d.html]
[www.facebook.com/plugins/GET.html]
[www.facebook.com/plugins/ABCDEFGHIJKLMNOPQRSTUVWXYZabcdefghijklmnopqrstuvwxyz0123456789+/index.html]
[www.facebook.com/plugins/ABCDEFGHIJKLMNOPQRSTUVWXYZabcdefghijklmnopqrstuvwxyz0123456789+/index.html]
[www.facebook.com/plugins/Style.html]
